// Jest Snapshot v1, https://goo.gl/fbAQLP

exports[`Pruebas en <GifGridItem> debe de mostrar el componente correctamente 1`] = `
<div
  className="card animate__animated animate__bounce"
>
  <img
    alt="Prueba Bojack"
    src="https://localhost:/alo.jpg"
  />
  <p>
    Prueba Bojack
  </p>
</div>
`;
