// Jest Snapshot v1, https://goo.gl/fbAQLP

exports[`Pruebas en <GifGrid /> Debe de coincidir con el SS 1`] = `
<Fragment>
  <h3
    className="animate__animated animate__bounce"
  >
    digimon
  </h3>
  <p
    className="animate__animated animate__flash"
  >
    Loading
  </p>
  <div
    className="card-grid"
  />
</Fragment>
`;
